Reusing configuration cache.
> Task :app:preBuild UP-TO-DATE
> Task :app:checkKotlinGradlePluginConfigurationErrors SKIPPED
> Task :app:preDebugBuild UP-TO-DATE
> Task :app:processDebugGoogleServices UP-TO-DATE
> Task :app:generateDebugBuildConfig UP-TO-DATE
> Task :app:generateDebugResValues UP-TO-DATE
> Task :app:createDebugCompatibleScreenManifests UP-TO-DATE
> Task :app:extractDeepLinksDebug UP-TO-DATE
> Task :app:generateDebugResources UP-TO-DATE
> Task :app:checkDebugAarMetadata UP-TO-DATE
> Task :app:packageDebugResources UP-TO-DATE
> Task :app:mapDebugSourceSetPaths UP-TO-DATE
> Task :app:parseDebugLocalResources UP-TO-DATE
> Task :app:mergeDebugResources UP-TO-DATE
> Task :app:processDebugMainManifest UP-TO-DATE
> Task :app:processDebugManifest UP-TO-DATE
> Task :app:processDebugManifestForPackage UP-TO-DATE
> Task :app:processDebugResources UP-TO-DATE
> Task :app:kspDebugKotlin UP-TO-DATE

> Task :app:compileDebugKotlin
e: file:///Users/mertmazici/Mobile-Projects/LibraryAuApp-Workspace/LibraryAuApp-Android/app/src/main/java/com/mehmetmertmazici/libraryauapp/ui/scanner/BarcodeScannerScreen.kt:160:70 Cannot access class 'com.google.common.util.concurrent.ListenableFuture'. Check your module classpath for missing or conflicting dependencies.
e: file:///Users/mertmazici/Mobile-Projects/LibraryAuApp-Workspace/LibraryAuApp-Android/app/src/main/java/com/mehmetmertmazici/libraryauapp/ui/scanner/BarcodeScannerScreen.kt:161:42 Unresolved reference 'addListener'.
e: file:///Users/mertmazici/Mobile-Projects/LibraryAuApp-Workspace/LibraryAuApp-Android/app/src/main/java/com/mehmetmertmazici/libraryauapp/ui/scanner/BarcodeScannerScreen.kt:162:70 No value passed for parameter 'name'.
e: file:///Users/mertmazici/Mobile-Projects/LibraryAuApp-Workspace/LibraryAuApp-Android/app/src/main/java/com/mehmetmertmazici/libraryauapp/ui/scanner/BarcodeScannerScreen.kt:219:44 Unresolved reference 'unbindAll'.
e: file:///Users/mertmazici/Mobile-Projects/LibraryAuApp-Workspace/LibraryAuApp-Android/app/src/main/java/com/mehmetmertmazici/libraryauapp/ui/scanner/BarcodeScannerScreen.kt:220:57 Unresolved reference 'bindToLifecycle'.
e: file:///Users/mertmazici/Mobile-Projects/LibraryAuApp-Workspace/LibraryAuApp-Android/app/src/main/java/com/mehmetmertmazici/libraryauapp/ui/scanner/BarcodeScannerScreen.kt:254:54 Cannot access class 'com.google.common.util.concurrent.ListenableFuture'. Check your module classpath for missing or conflicting dependencies.

> Task :app:compileDebugKotlin FAILED

FAILURE: Build failed with an exception.

* What went wrong:
Execution failed for task ':app:compileDebugKotlin'.
> A failure occurred while executing org.jetbrains.kotlin.compilerRunner.GradleCompilerRunnerWithWorkers$GradleKotlinCompilerWorkAction
   > Compilation error. See log for more details

* Try:
> Run with --stacktrace option to get the stack trace.
> Run with --info or --debug option to get more log output.
> Run with --scan to get full insights.
> Get more help at https://help.gradle.org.

BUILD FAILED in 3s
17 actionable tasks: 1 executed, 16 up-to-date
Configuration cache entry reused.
